// Vitest Snapshot v1, https://vitest.dev/guide/snapshot.html

exports[`Drawer Component > Snapshots > matches snapshot for all variants > variant-mini 1`] = `
<style>
  
  @keyframes slideInLeft {
    from { transform: translateX(-100%); }
    to { transform: translateX(0); }
  }
  
  @keyframes slideInRight {
    from { transform: translateX(100%); }
    to { transform: translateX(0); }
  }
  
  @keyframes slideInTop {
    from { transform: translateY(-100%); }
    to { transform: translateY(0); }
  }
  
  @keyframes slideInBottom {
    from { transform: translateY(100%); }
    to { transform: translateY(0); }
  }
  
  @keyframes fadeIn {
    from { opacity: 0; }
    to { opacity: 1; }
  }
  
  @keyframes scaleIn {
    from { transform: scale(0.8); opacity: 0; }
    to { transform: scale(1); opacity: 1; }
  }

</style>
`;

exports[`Drawer Component > Snapshots > matches snapshot for all variants > variant-permanent 1`] = `
<style>
  
  @keyframes slideInLeft {
    from { transform: translateX(-100%); }
    to { transform: translateX(0); }
  }
  
  @keyframes slideInRight {
    from { transform: translateX(100%); }
    to { transform: translateX(0); }
  }
  
  @keyframes slideInTop {
    from { transform: translateY(-100%); }
    to { transform: translateY(0); }
  }
  
  @keyframes slideInBottom {
    from { transform: translateY(100%); }
    to { transform: translateY(0); }
  }
  
  @keyframes fadeIn {
    from { opacity: 0; }
    to { opacity: 1; }
  }
  
  @keyframes scaleIn {
    from { transform: scale(0.8); opacity: 0; }
    to { transform: scale(1); opacity: 1; }
  }

</style>
`;

exports[`Drawer Component > Snapshots > matches snapshot for all variants > variant-persistent 1`] = `
<style>
  
  @keyframes slideInLeft {
    from { transform: translateX(-100%); }
    to { transform: translateX(0); }
  }
  
  @keyframes slideInRight {
    from { transform: translateX(100%); }
    to { transform: translateX(0); }
  }
  
  @keyframes slideInTop {
    from { transform: translateY(-100%); }
    to { transform: translateY(0); }
  }
  
  @keyframes slideInBottom {
    from { transform: translateY(100%); }
    to { transform: translateY(0); }
  }
  
  @keyframes fadeIn {
    from { opacity: 0; }
    to { opacity: 1; }
  }
  
  @keyframes scaleIn {
    from { transform: scale(0.8); opacity: 0; }
    to { transform: scale(1); opacity: 1; }
  }

</style>
`;

exports[`Drawer Component > Snapshots > matches snapshot for all variants > variant-temporary 1`] = `
<style>
  
  @keyframes slideInLeft {
    from { transform: translateX(-100%); }
    to { transform: translateX(0); }
  }
  
  @keyframes slideInRight {
    from { transform: translateX(100%); }
    to { transform: translateX(0); }
  }
  
  @keyframes slideInTop {
    from { transform: translateY(-100%); }
    to { transform: translateY(0); }
  }
  
  @keyframes slideInBottom {
    from { transform: translateY(100%); }
    to { transform: translateY(0); }
  }
  
  @keyframes fadeIn {
    from { opacity: 0; }
    to { opacity: 1; }
  }
  
  @keyframes scaleIn {
    from { transform: scale(0.8); opacity: 0; }
    to { transform: scale(1); opacity: 1; }
  }

</style>
`;

exports[`Drawer Component > Snapshots > matches snapshot for default props 1`] = `
<style>
  
  @keyframes slideInLeft {
    from { transform: translateX(-100%); }
    to { transform: translateX(0); }
  }
  
  @keyframes slideInRight {
    from { transform: translateX(100%); }
    to { transform: translateX(0); }
  }
  
  @keyframes slideInTop {
    from { transform: translateY(-100%); }
    to { transform: translateY(0); }
  }
  
  @keyframes slideInBottom {
    from { transform: translateY(100%); }
    to { transform: translateY(0); }
  }
  
  @keyframes fadeIn {
    from { opacity: 0; }
    to { opacity: 1; }
  }
  
  @keyframes scaleIn {
    from { transform: scale(0.8); opacity: 0; }
    to { transform: scale(1); opacity: 1; }
  }

</style>
`;

exports[`Drawer Component > Snapshots > matches snapshot for different anchors > anchor-bottom 1`] = `
<style>
  
  @keyframes slideInLeft {
    from { transform: translateX(-100%); }
    to { transform: translateX(0); }
  }
  
  @keyframes slideInRight {
    from { transform: translateX(100%); }
    to { transform: translateX(0); }
  }
  
  @keyframes slideInTop {
    from { transform: translateY(-100%); }
    to { transform: translateY(0); }
  }
  
  @keyframes slideInBottom {
    from { transform: translateY(100%); }
    to { transform: translateY(0); }
  }
  
  @keyframes fadeIn {
    from { opacity: 0; }
    to { opacity: 1; }
  }
  
  @keyframes scaleIn {
    from { transform: scale(0.8); opacity: 0; }
    to { transform: scale(1); opacity: 1; }
  }

</style>
`;

exports[`Drawer Component > Snapshots > matches snapshot for different anchors > anchor-left 1`] = `
<style>
  
  @keyframes slideInLeft {
    from { transform: translateX(-100%); }
    to { transform: translateX(0); }
  }
  
  @keyframes slideInRight {
    from { transform: translateX(100%); }
    to { transform: translateX(0); }
  }
  
  @keyframes slideInTop {
    from { transform: translateY(-100%); }
    to { transform: translateY(0); }
  }
  
  @keyframes slideInBottom {
    from { transform: translateY(100%); }
    to { transform: translateY(0); }
  }
  
  @keyframes fadeIn {
    from { opacity: 0; }
    to { opacity: 1; }
  }
  
  @keyframes scaleIn {
    from { transform: scale(0.8); opacity: 0; }
    to { transform: scale(1); opacity: 1; }
  }

</style>
`;

exports[`Drawer Component > Snapshots > matches snapshot for different anchors > anchor-right 1`] = `
<style>
  
  @keyframes slideInLeft {
    from { transform: translateX(-100%); }
    to { transform: translateX(0); }
  }
  
  @keyframes slideInRight {
    from { transform: translateX(100%); }
    to { transform: translateX(0); }
  }
  
  @keyframes slideInTop {
    from { transform: translateY(-100%); }
    to { transform: translateY(0); }
  }
  
  @keyframes slideInBottom {
    from { transform: translateY(100%); }
    to { transform: translateY(0); }
  }
  
  @keyframes fadeIn {
    from { opacity: 0; }
    to { opacity: 1; }
  }
  
  @keyframes scaleIn {
    from { transform: scale(0.8); opacity: 0; }
    to { transform: scale(1); opacity: 1; }
  }

</style>
`;

exports[`Drawer Component > Snapshots > matches snapshot for different anchors > anchor-top 1`] = `
<style>
  
  @keyframes slideInLeft {
    from { transform: translateX(-100%); }
    to { transform: translateX(0); }
  }
  
  @keyframes slideInRight {
    from { transform: translateX(100%); }
    to { transform: translateX(0); }
  }
  
  @keyframes slideInTop {
    from { transform: translateY(-100%); }
    to { transform: translateY(0); }
  }
  
  @keyframes slideInBottom {
    from { transform: translateY(100%); }
    to { transform: translateY(0); }
  }
  
  @keyframes fadeIn {
    from { opacity: 0; }
    to { opacity: 1; }
  }
  
  @keyframes scaleIn {
    from { transform: scale(0.8); opacity: 0; }
    to { transform: scale(1); opacity: 1; }
  }

</style>
`;

exports[`Drawer Component > Snapshots > matches snapshot for mini variant states > mini-collapsed 1`] = `
<style>
  
  @keyframes slideInLeft {
    from { transform: translateX(-100%); }
    to { transform: translateX(0); }
  }
  
  @keyframes slideInRight {
    from { transform: translateX(100%); }
    to { transform: translateX(0); }
  }
  
  @keyframes slideInTop {
    from { transform: translateY(-100%); }
    to { transform: translateY(0); }
  }
  
  @keyframes slideInBottom {
    from { transform: translateY(100%); }
    to { transform: translateY(0); }
  }
  
  @keyframes fadeIn {
    from { opacity: 0; }
    to { opacity: 1; }
  }
  
  @keyframes scaleIn {
    from { transform: scale(0.8); opacity: 0; }
    to { transform: scale(1); opacity: 1; }
  }

</style>
`;

exports[`Drawer Component > Snapshots > matches snapshot for mini variant states > mini-expanded 1`] = `
<style>
  
  @keyframes slideInLeft {
    from { transform: translateX(-100%); }
    to { transform: translateX(0); }
  }
  
  @keyframes slideInRight {
    from { transform: translateX(100%); }
    to { transform: translateX(0); }
  }
  
  @keyframes slideInTop {
    from { transform: translateY(-100%); }
    to { transform: translateY(0); }
  }
  
  @keyframes slideInBottom {
    from { transform: translateY(100%); }
    to { transform: translateY(0); }
  }
  
  @keyframes fadeIn {
    from { opacity: 0; }
    to { opacity: 1; }
  }
  
  @keyframes scaleIn {
    from { transform: scale(0.8); opacity: 0; }
    to { transform: scale(1); opacity: 1; }
  }

</style>
`;
